---
source: tests/test_uigen_widget.rs
expression: ui_support_h
---
#pragma once
#include "ui_mytype.h"

namespace UiSupport {
class MyType
{
public:
    MyType(QDialog *root, Ui::MyType *ui): root_(root), ui_(ui) {}

    void setup()
    {
        this->setup_dialog_windowTitle();
        this->update_dialog_windowTitle();
    }

private:
    void setup_dialog_windowTitle()
    {
        auto *const edit = this->ui_->edit;

        QObject::connect(edit, &QLineEdit::textChanged, root_, [this]() { this->update_dialog_windowTitle(); });
    }

    void update_dialog_windowTitle()
    {
        auto *const dialog = this->root_;
        auto *const edit = this->ui_->edit;

        dialog->setWindowTitle(edit->text()+edit->text());
    }

    QDialog *const root_;
    Ui::MyType *const ui_;

};
} // namespace UiSupport

