---
source: tests/test_uigen_examples.rs
expression: ui_support_h
---
#pragma once
#include "ui_settingsdialog.h"

namespace UiSupport {
class SettingsDialog
{
public:
    SettingsDialog(QDialog *root, Ui::SettingsDialog *ui): root_(root), ui_(ui) {}

    void setup()
    {
    }

private:
    enum class BindingIndex : unsigned {
    };

    QDialog *const root_;
    Ui::SettingsDialog *const ui_;

};
} // namespace UiSupport

