---
source: tests/test_uigen_widget.rs
expression: ui_support_h
---
#pragma once
#include "ui_mytype.h"

namespace UiSupport {
class MyType
{
public:
    MyType(QWidget *root, Ui::MyType *ui): root_(root), ui_(ui) {}

    void setup()
    {
        this->setupLabelText();
        this->setupLabel1Text();
        this->updateLabelText();
        this->updateLabel1Text();
    }

private:
    void setupLabelText()
    {
        QObject::connect(this->ui_->combo, &QComboBox::currentIndexChanged, root_, [this]() { this->updateLabelText(); });
    }

    void updateLabelText()
    {
        this->ui_->label->setText(this->evalLabelText());
    }

    QString evalLabelText() const
    {
        int a0;
        QString a1;
    b0:
        a0 = this->ui_->combo->currentIndex();
        a1 = QStringLiteral("dynamic %1").arg(a0);
        return a1;
    }

    void setupLabel1Text()
    {
    }

    void updateLabel1Text()
    {
        this->ui_->label1->setText(this->evalLabel1Text());
    }

    QString evalLabel1Text() const
    {
        QString a0;
    b0:
        a0 = QStringLiteral("static %1").arg(1);
        return a0;
    }

    QWidget *const root_;
    Ui::MyType *const ui_;

};
} // namespace UiSupport

