---
source: tests/test_uigen_examples.rs
expression: ui_xml
---
<ui version="4.0">
 <class>BindingLoop</class>
 <widget class="QWidget" name="widget">
  <layout class="QVBoxLayout" name="vboxLayout">
   <item>
    <widget class="QPushButton" name="trig">
     <property name="checkable">
      <bool>true</bool>
     </property>
     <property name="font">
      <font>
       <pointsize>20</pointsize>
      </font>
     </property>
     <property name="text">
      <string>Click to crash</string>
     </property>
    </widget>
   </item>
   <item>
    <layout class="QGridLayout" name="gridLayout">
     <item column="0" row="0">
      <widget class="QCheckBox" name="check0">
       <property name="enabled">
        <bool>false</bool>
       </property>
      </widget>
     </item>
     <item column="1" row="0">
      <widget class="QCheckBox" name="check1">
       <property name="enabled">
        <bool>false</bool>
       </property>
      </widget>
     </item>
     <item column="2" row="0">
      <widget class="QCheckBox" name="check2">
       <property name="enabled">
        <bool>false</bool>
       </property>
      </widget>
     </item>
     <item column="3" row="0">
      <widget class="QCheckBox" name="check3">
       <property name="enabled">
        <bool>false</bool>
       </property>
      </widget>
     </item>
     <item column="4" row="0">
      <widget class="QCheckBox" name="check4">
       <property name="enabled">
        <bool>false</bool>
       </property>
      </widget>
     </item>
     <item column="5" row="0">
      <widget class="QCheckBox" name="check5">
       <property name="enabled">
        <bool>false</bool>
       </property>
      </widget>
     </item>
     <item column="6" row="0">
      <widget class="QCheckBox" name="check6">
       <property name="enabled">
        <bool>false</bool>
       </property>
      </widget>
     </item>
     <item column="7" row="0">
      <widget class="QCheckBox" name="check7">
       <property name="enabled">
        <bool>false</bool>
       </property>
      </widget>
     </item>
     <item column="0" row="1">
      <widget class="QCheckBox" name="check8">
       <property name="enabled">
        <bool>false</bool>
       </property>
      </widget>
     </item>
     <item column="1" row="1">
      <widget class="QCheckBox" name="check9">
       <property name="enabled">
        <bool>false</bool>
       </property>
      </widget>
     </item>
     <item column="2" row="1">
      <widget class="QCheckBox" name="check10">
       <property name="enabled">
        <bool>false</bool>
       </property>
      </widget>
     </item>
     <item column="3" row="1">
      <widget class="QCheckBox" name="check11">
       <property name="enabled">
        <bool>false</bool>
       </property>
      </widget>
     </item>
     <item column="4" row="1">
      <widget class="QCheckBox" name="check12">
       <property name="enabled">
        <bool>false</bool>
       </property>
      </widget>
     </item>
     <item column="5" row="1">
      <widget class="QCheckBox" name="check13">
       <property name="enabled">
        <bool>false</bool>
       </property>
      </widget>
     </item>
     <item column="6" row="1">
      <widget class="QCheckBox" name="check14">
       <property name="enabled">
        <bool>false</bool>
       </property>
      </widget>
     </item>
     <item column="7" row="1">
      <widget class="QCheckBox" name="check15">
       <property name="enabled">
        <bool>false</bool>
       </property>
      </widget>
     </item>
     <item column="0" row="2">
      <widget class="QCheckBox" name="check16">
       <property name="enabled">
        <bool>false</bool>
       </property>
      </widget>
     </item>
     <item column="1" row="2">
      <widget class="QCheckBox" name="check17">
       <property name="enabled">
        <bool>false</bool>
       </property>
      </widget>
     </item>
     <item column="2" row="2">
      <widget class="QCheckBox" name="check18">
       <property name="enabled">
        <bool>false</bool>
       </property>
      </widget>
     </item>
     <item column="3" row="2">
      <widget class="QCheckBox" name="check19">
       <property name="enabled">
        <bool>false</bool>
       </property>
      </widget>
     </item>
     <item column="4" row="2">
      <widget class="QCheckBox" name="check20">
       <property name="enabled">
        <bool>false</bool>
       </property>
      </widget>
     </item>
     <item column="5" row="2">
      <widget class="QCheckBox" name="check21">
       <property name="enabled">
        <bool>false</bool>
       </property>
      </widget>
     </item>
     <item column="6" row="2">
      <widget class="QCheckBox" name="check22">
       <property name="enabled">
        <bool>false</bool>
       </property>
      </widget>
     </item>
     <item column="7" row="2">
      <widget class="QCheckBox" name="check23">
       <property name="enabled">
        <bool>false</bool>
       </property>
      </widget>
     </item>
     <item column="0" row="3">
      <widget class="QCheckBox" name="check24">
       <property name="enabled">
        <bool>false</bool>
       </property>
      </widget>
     </item>
     <item column="1" row="3">
      <widget class="QCheckBox" name="check25">
       <property name="enabled">
        <bool>false</bool>
       </property>
      </widget>
     </item>
     <item column="2" row="3">
      <widget class="QCheckBox" name="check26">
       <property name="enabled">
        <bool>false</bool>
       </property>
      </widget>
     </item>
     <item column="3" row="3">
      <widget class="QCheckBox" name="check27">
       <property name="enabled">
        <bool>false</bool>
       </property>
      </widget>
     </item>
     <item column="4" row="3">
      <widget class="QCheckBox" name="check28">
       <property name="enabled">
        <bool>false</bool>
       </property>
      </widget>
     </item>
     <item column="5" row="3">
      <widget class="QCheckBox" name="check29">
       <property name="enabled">
        <bool>false</bool>
       </property>
      </widget>
     </item>
     <item column="6" row="3">
      <widget class="QCheckBox" name="check30">
       <property name="enabled">
        <bool>false</bool>
       </property>
      </widget>
     </item>
     <item column="7" row="3">
      <widget class="QCheckBox" name="check31">
       <property name="enabled">
        <bool>false</bool>
       </property>
      </widget>
     </item>
     <item column="0" row="4">
      <widget class="QCheckBox" name="check32">
       <property name="enabled">
        <bool>false</bool>
       </property>
      </widget>
     </item>
    </layout>
   </item>
   <item>
    <spacer name="spacerItem">
     <property name="orientation">
      <enum>Qt::Vertical</enum>
     </property>
    </spacer>
   </item>
  </layout>
 </widget>
</ui>

