---
source: tests/test_uigen_widget.rs
expression: ui_support_h
---
#pragma once
#include "ui_mytype.h"

namespace UiSupport {
class MyType
{
public:
    MyType(QDialog *root, Ui::MyType *ui): root_(root), ui_(ui) {}

    void setup()
    {
        this->setupDialogWindowTitle();
        this->updateDialogWindowTitle();
    }

private:
    void setupDialogWindowTitle()
    {
        QObject::connect(this->ui_->edit, &QLineEdit::textChanged, root_, [this]() { this->updateDialogWindowTitle(); });
    }

    void updateDialogWindowTitle()
    {
        this->root_->setWindowTitle(this->evalDialogWindowTitle());
    }

    QString evalDialogWindowTitle() const
    {
        QString a0;
    b0:
        a0 = this->ui_->edit->text();
        return a0;
    }

    QDialog *const root_;
    Ui::MyType *const ui_;

};
} // namespace UiSupport

