---
source: tests/test_basic.rs
expression: "translate_file(\"examples/MainWindow.qml\")"
---
<ui version="4.0">
 <class>MainWindow</class>
 <widget class="QMainWindow">
  <property name="geometry">
   <rect>
    <height>600</height>
    <width>800</width>
    <x>0</x>
    <y>0</y>
   </rect>
  </property>
  <property name="windowTitle">
   <string>MainWindow</string>
  </property>
  <widget class="QWidget" name="centralwidget">
  </widget>
  <widget class="QMenuBar" name="menubar">
   <property name="geometry">
    <rect>
     <height>20</height>
     <width>800</width>
     <x>0</x>
     <y>0</y>
    </rect>
   </property>
   <addaction name="menu_File"/>
   <widget class="QMenu" name="menu_File">
    <property name="title">
     <string>&amp;File</string>
    </property>
    <addaction name="action_Open"/>
    <addaction name="separator"/>
   </widget>
  </widget>
  <widget class="QStatusBar" name="statusbar">
  </widget>
  <action name="action_Open">
   <property name="text">
    <string>&amp;Open</string>
   </property>
  </action>
  <action name="actionFoo">
   <property name="text">
    <string>Foo</string>
   </property>
  </action>
 </widget>
</ui>

